This is pdfTeX, Version 3.141592653-2.6-1.40.25 (TeX Live 2023/Debian) (preloaded format=pdflatex 2025.4.12)  4 JUL 2025 21:54
entering extended mode
 restricted \write18 enabled.
 file:line:error style messages enabled.
 %&-line parsing enabled.
**/media/david/02E8AC2CE8AC1FC1/Cosas_mias/docs/3er_ano/REPITENCIA/Compilacion/proyectos/Compilador/hulk-compiler/Informe/Manual_Completo.tex
(/media/david/02E8AC2CE8AC1FC1/Cosas_mias/docs/3er_ano/REPITENCIA/Compilacion/proyectos/Compilador/hulk-compiler/Informe/Manual_Completo.tex
LaTeX2e <2023-11-01> patch level 1
L3 programming layer <2024-01-22>
(/usr/share/texlive/texmf-dist/tex/latex/base/article.cls
Document Class: article 2023/05/17 v1.4n Standard LaTeX document class
(/usr/share/texlive/texmf-dist/tex/latex/base/size10.clo
File: size10.clo 2023/05/17 v1.4n Standard LaTeX file (size option)
)
\c@part=\count187
\c@section=\count188
\c@subsection=\count189
\c@subsubsection=\count190
\c@paragraph=\count191
\c@subparagraph=\count192
\c@figure=\count193
\c@table=\count194
\abovecaptionskip=\skip48
\belowcaptionskip=\skip49
\bibindent=\dimen140
) (/usr/share/texlive/texmf-dist/tex/latex/base/inputenc.sty
Package: inputenc 2021/02/14 v1.3d Input encoding file
\inpenc@prehook=\toks17
\inpenc@posthook=\toks18
) (/usr/share/texlive/texmf-dist/tex/latex/graphics/graphicx.sty
Package: graphicx 2021/09/16 v1.2d Enhanced LaTeX Graphics (DPC,SPQR)
 (/usr/share/texlive/texmf-dist/tex/latex/graphics/keyval.sty
Package: keyval 2022/05/29 v1.15 key=value parser (DPC)
\KV@toks@=\toks19
) (/usr/share/texlive/texmf-dist/tex/latex/graphics/graphics.sty
Package: graphics 2022/03/10 v1.4e Standard LaTeX Graphics (DPC,SPQR)
 (/usr/share/texlive/texmf-dist/tex/latex/graphics/trig.sty
Package: trig 2021/08/11 v1.11 sin cos tan (DPC)
) (/usr/share/texlive/texmf-dist/tex/latex/graphics-cfg/graphics.cfg
File: graphics.cfg 2016/06/04 v1.11 sample graphics configuration
)
Package graphics Info: Driver file: pdftex.def on input line 107.
 (/usr/share/texlive/texmf-dist/tex/latex/graphics-def/pdftex.def
File: pdftex.def 2022/09/22 v1.2b Graphics/color driver for pdftex
))
\Gin@req@height=\dimen141
\Gin@req@width=\dimen142
) (/usr/share/texlive/texmf-dist/tex/latex/listings/listings.sty
\lst@mode=\count195
\lst@gtempboxa=\box51
\lst@token=\toks20
\lst@length=\count196
\lst@currlwidth=\dimen143
\lst@column=\count197
\lst@pos=\count198
\lst@lostspace=\dimen144
\lst@width=\dimen145
\lst@newlines=\count199
\lst@lineno=\count266
\lst@maxwidth=\dimen146
 (/usr/share/texlive/texmf-dist/tex/latex/listings/lstmisc.sty
File: lstmisc.sty 2023/02/27 1.9 (Carsten Heinz)
\c@lstnumber=\count267
\lst@skipnumbers=\count268
\lst@framebox=\box52
) (/usr/share/texlive/texmf-dist/tex/latex/listings/listings.cfg
File: listings.cfg 2023/02/27 1.9 listings configuration
))
Package: listings 2023/02/27 1.9 (Carsten Heinz)
 (/usr/share/texlive/texmf-dist/tex/latex/geometry/geometry.sty
Package: geometry 2020/01/02 v5.9 Page Geometry
 (/usr/share/texlive/texmf-dist/tex/generic/iftex/ifvtex.sty
Package: ifvtex 2019/10/25 v1.7 ifvtex legacy package. Use iftex instead.
 (/usr/share/texlive/texmf-dist/tex/generic/iftex/iftex.sty
Package: iftex 2022/02/03 v1.0f TeX engine tests
))
\Gm@cnth=\count269
\Gm@cntv=\count270
\c@Gm@tempcnt=\count271
\Gm@bindingoffset=\dimen147
\Gm@wd@mp=\dimen148
\Gm@odd@mp=\dimen149
\Gm@even@mp=\dimen150
\Gm@layoutwidth=\dimen151
\Gm@layoutheight=\dimen152
\Gm@layouthoffset=\dimen153
\Gm@layoutvoffset=\dimen154
\Gm@dimlist=\toks21
) (/usr/share/texlive/texmf-dist/tex/latex/hyperref/hyperref.sty
Package: hyperref 2024-01-20 v7.01h Hypertext links for LaTeX
 (/usr/share/texlive/texmf-dist/tex/latex/kvsetkeys/kvsetkeys.sty
Package: kvsetkeys 2022-10-05 v1.19 Key value parser (HO)
) (/usr/share/texlive/texmf-dist/tex/generic/kvdefinekeys/kvdefinekeys.sty
Package: kvdefinekeys 2019-12-19 v1.6 Define keys (HO)
) (/usr/share/texlive/texmf-dist/tex/generic/pdfescape/pdfescape.sty
Package: pdfescape 2019/12/09 v1.15 Implements pdfTeX's escape features (HO)
 (/usr/share/texlive/texmf-dist/tex/generic/ltxcmds/ltxcmds.sty
Package: ltxcmds 2023-12-04 v1.26 LaTeX kernel commands for general use (HO)
) (/usr/share/texlive/texmf-dist/tex/generic/pdftexcmds/pdftexcmds.sty
Package: pdftexcmds 2020-06-27 v0.33 Utility functions of pdfTeX for LuaTeX (HO)
 (/usr/share/texlive/texmf-dist/tex/generic/infwarerr/infwarerr.sty
Package: infwarerr 2019/12/03 v1.5 Providing info/warning/error messages (HO)
)
Package pdftexcmds Info: \pdf@primitive is available.
Package pdftexcmds Info: \pdf@ifprimitive is available.
Package pdftexcmds Info: \pdfdraftmode found.
)) (/usr/share/texlive/texmf-dist/tex/latex/hycolor/hycolor.sty
Package: hycolor 2020-01-27 v1.10 Color options for hyperref/bookmark (HO)
) (/usr/share/texlive/texmf-dist/tex/latex/auxhook/auxhook.sty
Package: auxhook 2019-12-17 v1.6 Hooks for auxiliary files (HO)
) (/usr/share/texlive/texmf-dist/tex/latex/hyperref/nameref.sty
Package: nameref 2023-11-26 v2.56 Cross-referencing by name of section
 (/usr/share/texlive/texmf-dist/tex/latex/refcount/refcount.sty
Package: refcount 2019/12/15 v3.6 Data extraction from label references (HO)
) (/usr/share/texlive/texmf-dist/tex/generic/gettitlestring/gettitlestring.sty
Package: gettitlestring 2019/12/15 v1.6 Cleanup title references (HO)
 (/usr/share/texlive/texmf-dist/tex/latex/kvoptions/kvoptions.sty
Package: kvoptions 2022-06-15 v3.15 Key value format for package options (HO)
))
\c@section@level=\count272
) (/usr/share/texlive/texmf-dist/tex/latex/etoolbox/etoolbox.sty
Package: etoolbox 2020/10/05 v2.5k e-TeX tools for LaTeX (JAW)
\etb@tempcnta=\count273
)
\@linkdim=\dimen155
\Hy@linkcounter=\count274
\Hy@pagecounter=\count275
 (/usr/share/texlive/texmf-dist/tex/latex/hyperref/pd1enc.def
File: pd1enc.def 2024-01-20 v7.01h Hyperref: PDFDocEncoding definition (HO)
Now handling font encoding PD1 ...
... no UTF-8 mapping file for font encoding PD1
) (/usr/share/texlive/texmf-dist/tex/generic/intcalc/intcalc.sty
Package: intcalc 2019/12/15 v1.3 Expandable calculations with integers (HO)
)
\Hy@SavedSpaceFactor=\count276
 (/usr/share/texlive/texmf-dist/tex/latex/hyperref/puenc.def
File: puenc.def 2024-01-20 v7.01h Hyperref: PDF Unicode definition (HO)
Now handling font encoding PU ...
... no UTF-8 mapping file for font encoding PU
)
Package hyperref Info: Hyper figures OFF on input line 4179.
Package hyperref Info: Link nesting OFF on input line 4184.
Package hyperref Info: Hyper index ON on input line 4187.
Package hyperref Info: Plain pages OFF on input line 4194.
Package hyperref Info: Backreferencing OFF on input line 4199.
Package hyperref Info: Implicit mode ON; LaTeX internals redefined.
Package hyperref Info: Bookmarks ON on input line 4446.
\c@Hy@tempcnt=\count277
 (/usr/share/texlive/texmf-dist/tex/latex/url/url.sty
\Urlmuskip=\muskip16
Package: url 2013/09/16  ver 3.4  Verb mode for urls, etc.
)
LaTeX Info: Redefining \url on input line 4784.
\XeTeXLinkMargin=\dimen156
 (/usr/share/texlive/texmf-dist/tex/generic/bitset/bitset.sty
Package: bitset 2019/12/09 v1.3 Handle bit-vector datatype (HO)
 (/usr/share/texlive/texmf-dist/tex/generic/bigintcalc/bigintcalc.sty
Package: bigintcalc 2019/12/15 v1.5 Expandable calculations on big integers (HO)
))
\Fld@menulength=\count278
\Field@Width=\dimen157
\Fld@charsize=\dimen158
Package hyperref Info: Hyper figures OFF on input line 6063.
Package hyperref Info: Link nesting OFF on input line 6068.
Package hyperref Info: Hyper index ON on input line 6071.
Package hyperref Info: backreferencing OFF on input line 6078.
Package hyperref Info: Link coloring OFF on input line 6083.
Package hyperref Info: Link coloring with OCG OFF on input line 6088.
Package hyperref Info: PDF/A mode OFF on input line 6093.
 (/usr/share/texlive/texmf-dist/tex/latex/base/atbegshi-ltx.sty
Package: atbegshi-ltx 2021/01/10 v1.0c Emulation of the original atbegshi
package with kernel methods
)
\Hy@abspage=\count279
\c@Item=\count280
\c@Hfootnote=\count281
)
Package hyperref Info: Driver (autodetected): hpdftex.
 (/usr/share/texlive/texmf-dist/tex/latex/hyperref/hpdftex.def
File: hpdftex.def 2024-01-20 v7.01h Hyperref driver for pdfTeX
 (/usr/share/texlive/texmf-dist/tex/latex/base/atveryend-ltx.sty
Package: atveryend-ltx 2020/08/19 v1.0a Emulation of the original atveryend package
with kernel methods
)
\Fld@listcount=\count282
\c@bookmark@seq@number=\count283
 (/usr/share/texlive/texmf-dist/tex/latex/rerunfilecheck/rerunfilecheck.sty
Package: rerunfilecheck 2022-07-10 v1.10 Rerun checks for auxiliary files (HO)
 (/usr/share/texlive/texmf-dist/tex/generic/uniquecounter/uniquecounter.sty
Package: uniquecounter 2019/12/15 v1.4 Provide unlimited unique counter (HO)
)
Package uniquecounter Info: New unique counter `rerunfilecheck' on input line 285.
)
\Hy@SectionHShift=\skip50
) (/usr/share/texlive/texmf-dist/tex/latex/l3backend/l3backend-pdftex.def
File: l3backend-pdftex.def 2024-01-04 L3 backend support: PDF output (pdfTeX)
\l__color_backend_stack_int=\count284
\l__pdf_internal_box=\box53
) (./Manual_Completo.aux)
\openout1 = `Manual_Completo.aux'.

LaTeX Font Info:    Checking defaults for OML/cmm/m/it on input line 13.
LaTeX Font Info:    ... okay on input line 13.
LaTeX Font Info:    Checking defaults for OMS/cmsy/m/n on input line 13.
LaTeX Font Info:    ... okay on input line 13.
LaTeX Font Info:    Checking defaults for OT1/cmr/m/n on input line 13.
LaTeX Font Info:    ... okay on input line 13.
LaTeX Font Info:    Checking defaults for T1/cmr/m/n on input line 13.
LaTeX Font Info:    ... okay on input line 13.
LaTeX Font Info:    Checking defaults for TS1/cmr/m/n on input line 13.
LaTeX Font Info:    ... okay on input line 13.
LaTeX Font Info:    Checking defaults for OMX/cmex/m/n on input line 13.
LaTeX Font Info:    ... okay on input line 13.
LaTeX Font Info:    Checking defaults for U/cmr/m/n on input line 13.
LaTeX Font Info:    ... okay on input line 13.
LaTeX Font Info:    Checking defaults for PD1/pdf/m/n on input line 13.
LaTeX Font Info:    ... okay on input line 13.
LaTeX Font Info:    Checking defaults for PU/pdf/m/n on input line 13.
LaTeX Font Info:    ... okay on input line 13.
 (/usr/share/texlive/texmf-dist/tex/context/base/mkii/supp-pdf.mkii
[Loading MPS to PDF converter (version 2006.09.02).]
\scratchcounter=\count285
\scratchdimen=\dimen159
\scratchbox=\box54
\nofMPsegments=\count286
\nofMParguments=\count287
\everyMPshowfont=\toks22
\MPscratchCnt=\count288
\MPscratchDim=\dimen160
\MPnumerator=\count289
\makeMPintoPDFobject=\count290
\everyMPtoPDFconversion=\toks23
) (/usr/share/texlive/texmf-dist/tex/latex/epstopdf-pkg/epstopdf-base.sty
Package: epstopdf-base 2020-01-24 v2.11 Base part for package epstopdf
Package epstopdf-base Info: Redefining graphics rule for `.eps' on input line 485.
 (/usr/share/texlive/texmf-dist/tex/latex/latexconfig/epstopdf-sys.cfg
File: epstopdf-sys.cfg 2010/07/13 v1.3 Configuration of (r)epstopdf for TeX Live
))
\c@lstlisting=\count291

*geometry* driver: auto-detecting
*geometry* detected driver: pdftex
*geometry* verbose mode - [ preamble ] result:
* driver: pdftex
* paper: a4paper
* layout: <same size as paper>
* layoutoffset:(h,v)=(0.0pt,0.0pt)
* modes: 
* h-part:(L,W,R)=(72.26999pt, 452.9679pt, 72.26999pt)
* v-part:(T,H,B)=(72.26999pt, 700.50687pt, 72.26999pt)
* \paperwidth=597.50787pt
* \paperheight=845.04684pt
* \textwidth=452.9679pt
* \textheight=700.50687pt
* \oddsidemargin=0.0pt
* \evensidemargin=0.0pt
* \topmargin=-37.0pt
* \headheight=12.0pt
* \headsep=25.0pt
* \topskip=10.0pt
* \footskip=30.0pt
* \marginparwidth=65.0pt
* \marginparsep=11.0pt
* \columnsep=10.0pt
* \skip\footins=9.0pt plus 4.0pt minus 2.0pt
* \hoffset=0.0pt
* \voffset=0.0pt
* \mag=1000
* \@twocolumnfalse
* \@twosidefalse
* \@mparswitchfalse
* \@reversemarginfalse
* (1in=72.27pt=25.4mm, 1cm=28.453pt)

Package hyperref Info: Link coloring OFF on input line 13.
(./Manual_Completo.out) (./Manual_Completo.out)
\@outlinefile=\write3
\openout3 = `Manual_Completo.out'.

LaTeX Font Info:    External font `cmex10' loaded for size
(Font)              <12> on input line 16.
LaTeX Font Info:    External font `cmex10' loaded for size
(Font)              <8> on input line 16.
LaTeX Font Info:    External font `cmex10' loaded for size
(Font)              <6> on input line 16.
 (./Manual_Completo.toc
LaTeX Font Info:    External font `cmex10' loaded for size
(Font)              <7> on input line 3.
LaTeX Font Info:    External font `cmex10' loaded for size
(Font)              <5> on input line 3.
 [1

{/var/lib/texmf/fonts/map/pdftex/updmap/pdftex.map}])
\tf@toc=\write4
\openout4 = `Manual_Completo.toc'.

 [2] [3{/usr/share/texmf/fonts/enc/dvips/cm-super/cm-super-ts1.enc}] [4] [5] [6] [7]
Overfull \hbox (9.39197pt too wide) in paragraph at lines 307--308
[]\OT1/cmr/m/n/10 La definici^^Son de la gram^^Satica de HULK para el parser SLR1 se en-cuen-tra en el archivo \OT1/cmtt/m/n/10 hulkGrammar.hpp\OT1/cmr/m/n/10 ,
 []


Overfull \hbox (98.2773pt too wide) in paragraph at lines 321--321
[]\OT1/cmtt/m/n/10 g.AddProduction(AttrProd(input, Sentence(line), [](const std::vector<ElementType>& args) -> ElementType {[] 
 []


Overfull \hbox (208.52634pt too wide) in paragraph at lines 321--321
[]\OT1/cmtt/m/n/10 g.AddProduction(AttrProd(lines_block, Sentence({LKEY, lines, RKEY}), [](const std::vector<ElementType>& args) -> ElementType {[] 
 []

[8]
Overfull \hbox (208.52634pt too wide) in paragraph at lines 497--497
[] \OT1/cmtt/m/n/10 FUNCTION_ ID_ LPARENT args_list RPARENT INLINE expr  { $$ = new AssignFuncNode(new IDNode($2, yylineno), $4, $7, yylineno); }[] 
 []


Overfull \hbox (308.27547pt too wide) in paragraph at lines 497--497
[] \OT1/cmtt/m/n/10 | FUNCTION_ ID_ LPARENT args_list RPARENT TWOPOINTS ID_ INLINE expr { $$ = new AssignFuncNode(new IDNode($2, yylineno), $4, $9, $7, yylineno); }[] 
 []


Overfull \hbox (234.77611pt too wide) in paragraph at lines 497--497
[] \OT1/cmtt/m/n/10 | FUNCTION_ ID_ LPARENT args_list RPARENT LKEY lines RKEY { $$ = new AssignFuncNode(new IDNode($2, yylineno), $4, $7, yylineno); }[] 
 []


Overfull \hbox (329.27528pt too wide) in paragraph at lines 497--497
[] \OT1/cmtt/m/n/10 | FUNCTION_ ID_ LPARENT args_list RPARENT TWOPOINTS ID_ LKEY lines RKEY { $$ = new AssignFuncNode(new IDNode($2, yylineno), $4, $9, $7, yylineno); }[] 
 []

[9]
Overfull \hbox (9.02808pt too wide) in paragraph at lines 497--497
[] \OT1/cmtt/m/n/10 | LET var_assign_list IN lines_block { $$ = new LetAssign($2->assigns, $4, yylineno); }[] 
 []


Overfull \hbox (45.77776pt too wide) in paragraph at lines 497--497
[] \OT1/cmtt/m/n/10 id_expr ASSIGN expr { $$ = new VarAssignList({ new VarAssign($1, $3, yylineno) }, yylineno); }[] 
 []


Overfull \hbox (114.02716pt too wide) in paragraph at lines 497--497
[] \OT1/cmtt/m/n/10 | id_expr ASSIGN expr AS_ ID_ { $$ = new VarAssignList({ new VarAssign($1, $3, $5, yylineno)}, yylineno); }[] 
 []


Overfull \hbox (72.02753pt too wide) in paragraph at lines 497--497
[] \OT1/cmtt/m/n/10 | id_expr ASSIGN new_expr { $$ = new VarAssignList({ new VarAssign($1, $3, yylineno)}, yylineno); }[] 
 []


Overfull \hbox (98.2773pt too wide) in paragraph at lines 497--497
[] \OT1/cmtt/m/n/10 | var_assign_list COLON id_expr ASSIGN expr { $1->add_child(new VarAssign($3, $5, yylineno)); $$ = $1; }[] 
 []


Overfull \hbox (161.27675pt too wide) in paragraph at lines 497--497
[] \OT1/cmtt/m/n/10 | var_assign_list COLON id_expr ASSIGN expr AS_ ID_ { $1->add_child(new VarAssign($3, $5, $7, yylineno)); $$ = $1; }[] 
 []


Overfull \hbox (119.27711pt too wide) in paragraph at lines 497--497
[] \OT1/cmtt/m/n/10 | var_assign_list COLON id_expr ASSIGN new_expr { $1->add_child(new VarAssign($3, $5, yylineno)); $$ = $1; }[] 
 []


Overfull \hbox (9.02808pt too wide) in paragraph at lines 497--497
[] \OT1/cmtt/m/n/10 NEW ID_ LPARENT expr_list RPARENT { $$ = new NewTypeNode($2, $4->children, yylineno); }[] 
 []


Overfull \hbox (82.52744pt too wide) in paragraph at lines 497--497
[] \OT1/cmtt/m/n/10 | expr GREATER_EQUAL expr { $$ = new BoolExprNode(new BinOpNode($1, ">=", $3, yylineno), yylineno); }[] 
 []


Overfull \hbox (45.77776pt too wide) in paragraph at lines 497--497
[] \OT1/cmtt/m/n/10 | expr GREATER expr { $$ = new BoolExprNode(new BinOpNode($1, ">", $3, yylineno), yylineno); }[] 
 []


Overfull \hbox (66.77757pt too wide) in paragraph at lines 497--497
[] \OT1/cmtt/m/n/10 | expr LESS_EQUAL expr { $$ = new BoolExprNode(new BinOpNode($1, "<=", $3, yylineno), yylineno); }[] 
 []


Overfull \hbox (30.0279pt too wide) in paragraph at lines 497--497
[] \OT1/cmtt/m/n/10 | expr LESS expr { $$ = new BoolExprNode(new BinOpNode($1, "<", $3, yylineno), yylineno); }[] 
 []

[10]
Overfull \hbox (40.5278pt too wide) in paragraph at lines 497--497
[] \OT1/cmtt/m/n/10 | expr EQUAL expr { $$ = new BoolExprNode(new BinOpNode($1, "==", $3, yylineno), yylineno); }[] 
 []


Overfull \hbox (56.27766pt too wide) in paragraph at lines 497--497
[] \OT1/cmtt/m/n/10 | expr DISTINCT expr { $$ = new BoolExprNode(new BinOpNode($1, "!=", $3, yylineno), yylineno); }[] 
 []


Overfull \hbox (30.0279pt too wide) in paragraph at lines 497--497
[] \OT1/cmtt/m/n/10 | expr AND_ expr { $$ = new BoolExprNode(new BinOpNode($1, "&", $3, yylineno), yylineno); }[] 
 []


Overfull \hbox (24.77794pt too wide) in paragraph at lines 497--497
[] \OT1/cmtt/m/n/10 | expr OR_ expr { $$ = new BoolExprNode(new BinOpNode($1, "|", $3, yylineno), yylineno); }[] 
 []


Overfull \hbox (150.77684pt too wide) in paragraph at lines 497--497
[] \OT1/cmtt/m/n/10 | id_expr IS ID_ { $$ = new BoolExprNode(new BinOpNode($1, "is", new IDNode($3, yylineno), yylineno), yylineno); }[] 
 []


Overfull \hbox (161.27675pt too wide) in paragraph at lines 497--497
[] \OT1/cmtt/m/n/10 | func_call IS ID_ { $$ = new BoolExprNode(new BinOpNode($1, "is", new IDNode($3, yylineno), yylineno), yylineno); }[] 
 []


Overfull \hbox (14.27803pt too wide) in paragraph at lines 497--497
[] \OT1/cmtt/m/n/10 LPARENT bool_expr RPARENT expr ELSE expr { $$ = new Conditional($2, $4, $6, yylineno); }[] 
 []


Overfull \hbox (61.52762pt too wide) in paragraph at lines 497--497
[] \OT1/cmtt/m/n/10 | LPARENT bool_expr RPARENT lines_block ELSE expr { $$ = new Conditional($2, $4, $6, yylineno); }[] 
 []


Overfull \hbox (61.52762pt too wide) in paragraph at lines 497--497
[] \OT1/cmtt/m/n/10 | LPARENT bool_expr RPARENT expr ELSE lines_block { $$ = new Conditional($2, $4, $6, yylineno); }[] 
 []


Overfull \hbox (98.2773pt too wide) in paragraph at lines 497--497
[] \OT1/cmtt/m/n/10 | LPARENT bool_expr RPARENT lines_block ELSE lines_block { $$ = new Conditional($2, $4, $6, yylineno); }[] 
 []


Overfull \hbox (61.52762pt too wide) in paragraph at lines 497--497
[] \OT1/cmtt/m/n/10 | LPARENT bool_expr RPARENT expr ELIF conditional { $$ = new Conditional($2, $4, $6, yylineno); }[] 
 []


Overfull \hbox (98.2773pt too wide) in paragraph at lines 497--497
[] \OT1/cmtt/m/n/10 | LPARENT bool_expr RPARENT lines_block ELIF conditional { $$ = new Conditional($2, $4, $6, yylineno); }[] 
 []


Overfull \hbox (297.77556pt too wide) in paragraph at lines 497--497
[] \OT1/cmtt/m/n/10 TYPE ID_ LKEY type_body_elements RKEY { $$ = new TypeDeclNode(new IDNode($2, yylineno), new ArgsList({}, yylineno), $4->children, yylineno); }[] 
 []


Overfull \hbox (408.0246pt too wide) in paragraph at lines 497--497
[] \OT1/cmtt/m/n/10 | TYPE ID_ INHERITS ID_ LKEY type_body_elements RKEY { $$ = new TypeDeclNode(new IDNode($2, yylineno), new ArgsList({}, yylineno), $6->children, {$4}, yylineno); }[] 
 []


Overfull \hbox (565.52322pt too wide) in paragraph at lines 497--497
[] \OT1/cmtt/m/n/10 | TYPE ID_ INHERITS ID_ LPARENT args_list RPARENT LKEY type_body_elements RKEY { $$ = new TypeDeclNode(new IDNode($2, yylineno), new ArgsList({}, yylineno), $9->children, {$4}, $6, yylineno); }[] 
 []


Overfull \hbox (318.77538pt too wide) in paragraph at lines 497--497
[] \OT1/cmtt/m/n/10 | TYPE ID_ LPARENT args_list RPARENT LKEY type_body_elements RKEY { $$ = new TypeDeclNode(new IDNode($2, yylineno), $4, $7->children, yylineno); }[] 
 []


Overfull \hbox (418.5245pt too wide) in paragraph at lines 497--497
[] \OT1/cmtt/m/n/10 | TYPE ID_ LPARENT args_list RPARENT INHERITS ID_ LKEY type_body_elements RKEY { $$ = new TypeDeclNode(new IDNode($2, yylineno), $4, $9->children, {$7}, yylineno); }[] 
 []


Overfull \hbox (581.27309pt too wide) in paragraph at lines 497--497
[] \OT1/cmtt/m/n/10 | TYPE ID_ LPARENT args_list RPARENT INHERITS ID_ LPARENT args_list RPARENT LKEY type_body_elements RKEY { $$ = new TypeDeclNode(new IDNode($2, yylineno), $4, $12->children, {$7}, $9, yylineno); }[] 
 []


Overfull \hbox (203.27638pt too wide) in paragraph at lines 497--497
[] \OT1/cmtt/m/n/10 ID_ LPARENT args_list RPARENT INLINE expr SEMICOLON { $$ = new AssignFuncNode(new IDNode($1, yylineno), $3, $6, yylineno); }[] 
 []


Overfull \hbox (308.27547pt too wide) in paragraph at lines 497--497
[] \OT1/cmtt/m/n/10 | ID_ LPARENT args_list RPARENT TWOPOINTS ID_ INLINE expr SEMICOLON { $$ = new AssignFuncNode(new IDNode($1, yylineno), $3, $8, $6, yylineno); }[] 
 []


Overfull \hbox (182.27657pt too wide) in paragraph at lines 497--497
[] \OT1/cmtt/m/n/10 | ID_ LPARENT args_list RPARENT LKEY lines RKEY { $$ = new AssignFuncNode(new IDNode($1, yylineno), $3, $6, yylineno); }[] 
 []


Overfull \hbox (276.77574pt too wide) in paragraph at lines 497--497
[] \OT1/cmtt/m/n/10 | ID_ LPARENT args_list RPARENT TWOPOINTS ID_ LKEY lines RKEY { $$ = new AssignFuncNode(new IDNode($1, yylineno), $3, $8, $6, yylineno); }[] 
 []


Overfull \hbox (14.27803pt too wide) in paragraph at lines 497--497
[] \OT1/cmtt/m/n/10 ID_ ACCESS ID_ { $$ = new AccessNode($1, new AttributeMember($3, yylineno), yylineno); }[] 
 []


Overfull \hbox (219.02625pt too wide) in paragraph at lines 497--497
[] \OT1/cmtt/m/n/10 | ID_ ACCESS ID_ LPARENT expr_list RPARENT { $$ = new AccessNode($1, new MethodMember($3, $5->children, yylineno), yylineno); }[] 
 []

[11] [12] (./Manual_Completo.aux)
 ***********
LaTeX2e <2023-11-01> patch level 1
L3 programming layer <2024-01-22>
 ***********
Package rerunfilecheck Info: File `Manual_Completo.out' has not changed.
(rerunfilecheck)             Checksum: BCDFA1851379037E04B4E7875209180A;6872.
 ) 
Here is how much of TeX's memory you used:
 10308 strings out of 474222
 158835 string characters out of 5748733
 1943975 words of memory out of 5000000
 32414 multiletter control sequences out of 15000+600000
 563780 words of font info for 55 fonts, out of 8000000 for 9000
 1141 hyphenation exceptions out of 8191
 75i,7n,79p,647b,585s stack positions out of 10000i,1000n,20000p,200000b,200000s
</usr/share/texlive/texmf-dist/fonts/type1/public/amsfonts/cm/cmbx10.pfb></usr/share/texlive/texmf-dist/fonts/type1/public/amsfonts/cm/cmbx12.pfb></usr/share/texlive/texmf-dist/fonts/type1/public/amsfonts/cm/cmbx9.pfb></usr/share/texlive/texmf-dist/fonts/type1/public/amsfonts/cm/cmr10.pfb></usr/share/texlive/texmf-dist/fonts/type1/public/amsfonts/cm/cmr12.pfb></usr/share/texlive/texmf-dist/fonts/type1/public/amsfonts/cm/cmr17.pfb></usr/share/texlive/texmf-dist/fonts/type1/public/amsfonts/cm/cmr9.pfb></usr/share/texlive/texmf-dist/fonts/type1/public/amsfonts/cm/cmti10.pfb></usr/share/texlive/texmf-dist/fonts/type1/public/amsfonts/cm/cmtt10.pfb></usr/share/texmf/fonts/type1/public/cm-super/sfrm1000.pfb>
Output written on Manual_Completo.pdf (12 pages, 177804 bytes).
PDF statistics:
 321 PDF objects out of 1000 (max. 8388607)
 284 compressed objects within 3 object streams
 53 named destinations out of 1000 (max. 500000)
 313 words of extra memory for PDF output out of 10000 (max. 10000000)

